=== UCDP probe: what does ucdp.uu.se actually publish? ===
pages:
  200   137863 B  downloads page
  200     2568 B  candidateged directory

downloads page mentions 6 GEDEvent filenames:
  GEDEvent_v26_01_26_06.csv
  GEDEvent_v26_01_26_06.xlsx
  GEDEvent_v26_0_7.csv
  GEDEvent_v26_0_8.csv
  GEDEvent_v26_1_4_1101_2512.csv
  GEDEvent_v26_1_4_1101_2512.xlsx
candidate paths mentioned: candidate, Candidate, se/downloads/candidateged/GEDEvent_v26_0_8, se/downloads/candidateged/GEDevent_v26_0_8, se/downloads/candidateged/ucdp-candidate-codebook1, se/downloads/candidateged/GEDEvent_v26_0_7, se/downloads/candidateged/GEDevent_v26_0_7, se/downloads/candidateged/GEDEvent_v26_01_26_06

all 81 downloadable files linked from the page:
  https://ucdp.uu.se/downloads/actor/translate_actor.csv
  https://ucdp.uu.se/downloads/actor/translate_conf.csv
  https://ucdp.uu.se/downloads/actor/translate_dyad.csv
  https://ucdp.uu.se/downloads/actor/ucdp-actor-261-csv.zip
  https://ucdp.uu.se/downloads/actor/ucdp-actor-261-xlsx.zip
  https://ucdp.uu.se/downloads/brd/ucdp-brd-conf-261-csv.zip
  https://ucdp.uu.se/downloads/brd/ucdp-brd-conf-261-dta.zip
  https://ucdp.uu.se/downloads/brd/ucdp-brd-conf-261-rds.zip
  https://ucdp.uu.se/downloads/brd/ucdp-brd-conf-261-xlsx.zip
  https://ucdp.uu.se/downloads/brd/ucdp-brd-dyadic-261-csv.zip
  https://ucdp.uu.se/downloads/brd/ucdp-brd-dyadic-261-dta.zip
  https://ucdp.uu.se/downloads/brd/ucdp-brd-dyadic-261-rds.zip
  https://ucdp.uu.se/downloads/brd/ucdp-brd-dyadic-261-xlsx.zip
  https://ucdp.uu.se/downloads/cace/CACE_1989-2017.csv
  https://ucdp.uu.se/downloads/cace/CACE_1989-2017.xlsx
  https://ucdp.uu.se/downloads/cace/CACE_city_list.xlsx
  https://ucdp.uu.se/downloads/candidateged/GEDEvent_v26_01_26_06.csv
  https://ucdp.uu.se/downloads/candidateged/GEDEvent_v26_01_26_06.xlsx
  https://ucdp.uu.se/downloads/candidateged/GEDEvent_v26_0_7.csv
  https://ucdp.uu.se/downloads/candidateged/GEDEvent_v26_0_8.csv
  https://ucdp.uu.se/downloads/candidateged/GEDevent_v26_0_7.xlsx
  https://ucdp.uu.se/downloads/candidateged/GEDevent_v26_0_8.xlsx
  https://ucdp.uu.se/downloads/cid/ucdp_issues_dataset_dyadissueyear_232.csv
  https://ucdp.uu.se/downloads/cid/ucdp_issues_dataset_dyadissueyear_232.xlsx
  https://ucdp.uu.se/downloads/cid/ucdp_issues_dataset_dyadyear_232.csv
  https://ucdp.uu.se/downloads/cid/ucdp_issues_dataset_dyadyear_232.xlsx
  https://ucdp.uu.se/downloads/deco/DECO_v.1.0.csv
  https://ucdp.uu.se/downloads/deco/DECO_v.1.0.zip
  https://ucdp.uu.se/downloads/deco/DECO_v.1.0_xlsx.zip
  https://ucdp.uu.se/downloads/dyadic/ucdp-dyadic-261-csv.zip
  https://ucdp.uu.se/downloads/dyadic/ucdp-dyadic-261-dta.zip
  https://ucdp.uu.se/downloads/dyadic/ucdp-dyadic-261-rds.zip
  https://ucdp.uu.se/downloads/dyadic/ucdp-dyadic-261-xlsx.zip
  https://ucdp.uu.se/downloads/eosv/EOSV_Dataset.zip
  https://ucdp.uu.se/downloads/extsup/ESD/ucdp-esd-ay-181.xlsx
  https://ucdp.uu.se/downloads/extsup/ESD/ucdp-esd-ay-181.zip
  https://ucdp.uu.se/downloads/extsup/ESD/ucdp-esd-dy-181.xlsx
  https://ucdp.uu.se/downloads/extsup/ESD/ucdp-esd-dy-181.zip
  https://ucdp.uu.se/downloads/extsup/ESD/ucdp-esd-ty-181.xlsx
  https://ucdp.uu.se/downloads/extsup/ESD/ucdp-esd-ty-181.zip
  https://ucdp.uu.se/downloads/ged/ged261-csv.zip
  https://ucdp.uu.se/downloads/ged/ged261-dta.zip
  https://ucdp.uu.se/downloads/ged/ged261-rds.zip
  https://ucdp.uu.se/downloads/ged/ged261-xlsx.zip
  https://ucdp.uu.se/downloads/micmilc/micactorlist.csv
  https://ucdp.uu.se/downloads/micmilc/ucdp-mic-22.zip
  https://ucdp.uu.se/downloads/monadterm/UCDPConflictTerminationDataset_v4_2024_Conflict-dta.zip
  https://ucdp.uu.se/downloads/monadterm/UCDPConflictTerminationDataset_v4_2024_Conflict.csv
  https://ucdp.uu.se/downloads/monadterm/UCDPConflictTerminationDataset_v4_2024_Dyad-dta.zip
  https://ucdp.uu.se/downloads/monadterm/UCDPConflictTerminationDataset_v4_2024_Dyad.csv
  https://ucdp.uu.se/downloads/nonstateconflict/UCDP%20External%20Support%20in%20Non-state%20Conflict%20Dataset%20v.1.0.xlsx
  https://ucdp.uu.se/downloads/nonstateconflict/UCDP_NS_IAD.csv.zip
  https://ucdp.uu.se/downloads/nsos/ucdp-nonstate-261-csv.zip
  https://ucdp.uu.se/downloads/nsos/ucdp-nonstate-261-dta.zip
  https://ucdp.uu.se/downloads/nsos/ucdp-nonstate-261-rds.zip
  https://ucdp.uu.se/downloads/nsos/ucdp-nonstate-261-xlsx.zip
  https://ucdp.uu.se/downloads/nsos/ucdp-onesided-261-csv.zip
  https://ucdp.uu.se/downloads/nsos/ucdp-onesided-261-dta.zip
  https://ucdp.uu.se/downloads/nsos/ucdp-onesided-261-rds.zip
  https://ucdp.uu.se/downloads/nsos/ucdp-onesided-261-xlsx.zip
  https://ucdp.uu.se/downloads/onset/ucdp-interstate-conflict-onset-251.csv
  https://ucdp.uu.se/downloads/onset/ucdp-interstate-country-multiple-onset-251.csv
  https://ucdp.uu.se/downloads/onset/ucdp-interstate-country-onset-251.csv
  https://ucdp.uu.se/downloads/onset/ucdp-intrastate-conflict-onset-251.csv
  https://ucdp.uu.se/downloads/onset/ucdp-intrastate-country-multiple-onset-251.csv
  https://ucdp.uu.se/downloads/onset/ucdp-intrastate-country-onset-251.csv
  https://ucdp.uu.se/downloads/organizedviolencecy/organizedviolencecy-261-csv.zip
  https://ucdp.uu.se/downloads/organizedviolencecy/organizedviolencecy-261-rds.zip
  https://ucdp.uu.se/downloads/organizedviolencecy/organizedviolencecy-261-xlsx.zip
  https://ucdp.uu.se/downloads/par/par.csv
  https://ucdp.uu.se/downloads/par/par.xlsx
  https://ucdp.uu.se/downloads/par/par_R.zip
  https://ucdp.uu.se/downloads/peace/ucdp-peace-agreements-221.xlsx
  https://ucdp.uu.se/downloads/peace/ucdp-peace-agreements-222.xlsx
  https://ucdp.uu.se/downloads/ucdpprio/ucdp-prio-acd-261-csv.zip
  https://ucdp.uu.se/downloads/ucdpprio/ucdp-prio-acd-261-dta.zip
  https://ucdp.uu.se/downloads/ucdpprio/ucdp-prio-acd-261-rds.zip
  https://ucdp.uu.se/downloads/ucdpprio/ucdp-prio-acd-261-xlsx.zip
  https://ucdp.uu.se/downloads/vpp/GEDEvent_v26_1_4_1101_2512.csv
  https://ucdp.uu.se/downloads/vpp/GEDEvent_v26_1_4_1101_2512.xlsx
  https://ucdp.uu.se/downloads/vpp/UCDP_VPP_Dataset_v26_1.xlsx

what the probe generator would try today:
  404        0 B  26.0.11  GEDEvent_v26_0_11.csv
  404        0 B  26.0.10  GEDEvent_v26_0_10.csv
  404        0 B  26.0.9  GEDEvent_v26_0_9.csv
  200  1436409 B  26.0.8  GEDEvent_v26_0_8.csv
  200  1353828 B  26.0.7  GEDEvent_v26_0_7.csv
  200  1337517 B  26.0.6  GEDEvent_v26_0_6.csv
  200  7776765 B  26.01.26.06  GEDEvent_v26_01_26_06.csv
